[ankarasehir.saglik.gov.tr/TR-326237/acil-tip-klinigi.html]
[backblue.gif]
[fade.gif]
[index.html]
[dosyahastane.saglik.gov.tr/WebFiles/logolar/logo-tr.png]
[dosyahastane.saglik.gov.tr/WebFiles/sablonlar/js/jquery.js]
[dosyahastane.saglik.gov.tr/WebFiles/sablonlar/js/bootsrap.js]
[dosyahastane.saglik.gov.tr/WebFiles/sablonlar/css/plugin.css]
[ankarasehir.saglik.gov.tr/Fonts/font-awesome.css]
[dosyahastane.saglik.gov.tr/WebFiles/sablonlar/css/color/default.css]
[dosyahastane.saglik.gov.tr/Resim/434682/0/acil-tipjpg.png]
[dosyahastane.saglik.gov.tr/Resim/306868/0/acilmansetjpg.png]
[dosyahastane.saglik.gov.tr/Resim/306868/1/acilmansetjpg.png]
[dosyahastane.saglik.gov.tr/Resim/306876/0/acilgaleri1jpg.png]
[dosyahastane.saglik.gov.tr/Resim/306876/1/acilgaleri1jpg.png]
[dosyahastane.saglik.gov.tr/Resim/306878/0/acilservis-7jpg.png]
[dosyahastane.saglik.gov.tr/Resim/306878/1/acilservis-7jpg.png]
[dosyahastane.saglik.gov.tr/Resim/306877/0/acilservis-6jpg.png]
[dosyahastane.saglik.gov.tr/Resim/306877/1/acilservis-6jpg.png]
[dosyahastane.saglik.gov.tr/Resim/306879/0/acilservis-4jpg.png]
[dosyahastane.saglik.gov.tr/Resim/306879/1/acilservis-4jpg.png]
[dosyahastane.saglik.gov.tr/Resim/306881/0/acilservis-5jpg.png]
[dosyahastane.saglik.gov.tr/Resim/306881/1/acilservis-5jpg.png]
[dosyahastane.saglik.gov.tr/Resim/306880/0/acilservis-3jpg.png]
[dosyahastane.saglik.gov.tr/Resim/306880/1/acilservis-3jpg.png]
[dosyahastane.saglik.gov.tr/Resim/306882/0/acilservis-2jpg.png]
[dosyahastane.saglik.gov.tr/Resim/306882/1/acilservis-2jpg.png]
[dosyahastane.saglik.gov.tr/Resim/306883/0/acilservis-1jpg.png]
[dosyahastane.saglik.gov.tr/Resim/306883/1/acilservis-1jpg.png]
[dosyahastane.saglik.gov.tr/WebFiles/sablonlar/js/default.js]
[dosyahastane.saglik.gov.tr/WebFiles/sablonlar/js/carosel.js]
[ankarasehir.saglik.gov.tr/TR-326237/acil-tip-klinigi.html]
[dosyahastane.saglik.gov.tr/WebFiles/sablonlar/js/lang/tr.js]
[dosyahastane.saglik.gov.tr/WebFiles/sablonlar/css/animate.css]
[dosyahastane.saglik.gov.tr/WebFiles/sablonlar/css/bootstrap.css]
[dosyahastane.saglik.gov.tr/WebFiles/sablonlar/fonts/font-awesome.html]
[dosyahastane.saglik.gov.tr/WebFiles/sablonlar/css/default.css]
[dosyahastane.saglik.gov.tr/WebFiles/sablonlar/css/theme.css]
[dosyahastane.saglik.gov.tr/WebFiles/sablonlar/css/medical_tourism.css]
[dosyahastane.saglik.gov.tr/WebFiles/sablonlar/css/responsive.css]
[dosyahastane.saglik.gov.tr/WebFiles/sablonlar/css/popup.css]
[dosyahastane.saglik.gov.tr/WebFiles/sablonlar/images/bg-body.png]
[dosyahastane.saglik.gov.tr/WebFiles/sablonlar/css/plugin.css]
[ankarasehir.saglik.gov.tr/fonts/fontawesome-webfontba72.eot]
[ankarasehir.saglik.gov.tr/fonts/fontawesome-webfontd41d.eot]
[ankarasehir.saglik.gov.tr/fonts/fontawesome-webfontba72.woff]
[ankarasehir.saglik.gov.tr/fonts/fontawesome-webfontba72.ttf]
[ankarasehir.saglik.gov.tr/Fonts/font-awesome.css]
[dosyahastane.saglik.gov.tr/WebFiles/sablonlar/images/bg-footer.png]
[dosyahastane.saglik.gov.tr/WebFiles/sablonlar/css/color/default.css]
[dosyahastane.saglik.gov.tr/WebFiles/sablonlar/css/bootstrap.css]
[dosyahastane.saglik.gov.tr/WebFiles/sablonlar/css/animate.css]
[dosyahastane.saglik.gov.tr/WebFiles/sablonlar/css/main.html]
[dosyahastane.saglik.gov.tr/WebFiles/sablonlar/fonts/font-awesome.html]
[dosyahastane.saglik.gov.tr/WebFiles/sablonlar/images/header/hospital.png]
[dosyahastane.saglik.gov.tr/WebFiles/sablonlar/images/header/ankara.png]
[dosyahastane.saglik.gov.tr/WebFiles/sablonlar/images/header/istanbul.png]
[dosyahastane.saglik.gov.tr/WebFiles/sablonlar/images/header/izmir.png]
[dosyahastane.saglik.gov.tr/WebFiles/sablonlar/images/header/some.html]
[dosyahastane.saglik.gov.tr/WebFiles/sablonlar/images/bg-icon.png]
[dosyahastane.saglik.gov.tr/WebFiles/sablonlar/images/bg-widget.jpg]
[dosyahastane.saglik.gov.tr/WebFiles/sablonlar/images/tab/parallax-default.jpg]
[dosyahastane.saglik.gov.tr/WebFiles/sablonlar/images/tab/parallax-hospital.jpg]
[dosyahastane.saglik.gov.tr/WebFiles/sablonlar/css/default.css]
[dosyahastane.saglik.gov.tr/WebFiles/sablonlar/images/bg-earth.png]
[dosyahastane.saglik.gov.tr/WebFiles/sablonlar/Assets/img/bg-2.html]
[dosyahastane.saglik.gov.tr/WebFiles/sablonlar/css/theme.css]
[dosyahastane.saglik.gov.tr/WebFiles/sablonlar/css/medical_tourism.css]
[dosyahastane.saglik.gov.tr/WebFiles/sablonlar/images/header/header-mobil.png]
[dosyahastane.saglik.gov.tr/WebFiles/sablonlar/css/responsive.css]
[dosyahastane.saglik.gov.tr/WebFiles/sablonlar/css/popup.css]
[ankarasehir.saglik.gov.tr/fonts/fontawesome-webfontba72.svg]
[dosyahastane.saglik.gov.tr/WebFiles/sablonlar/css/main.html]
[dosyahastane.saglik.gov.tr/WebFiles/sablonlar/images/header/default.png]
[dosyahastane.saglik.gov.tr/WebFiles/sablonlar/images/css/main.html]
[dosyahastane.saglik.gov.tr/WebFiles/sablonlar/images/header/some.html]
[dosyahastane.saglik.gov.tr/WebFiles/sablonlar/Assets/css/main.html]
[dosyahastane.saglik.gov.tr/WebFiles/sablonlar/Assets/img/bg-2.html]
[dosyahastane.saglik.gov.tr/WebFiles/sablonlar/images/css/main.html]
[dosyahastane.saglik.gov.tr/WebFiles/sablonlar/Assets/css/main.html]
